2026-10-01 00:05:12,227 - INFO - url: http://tv.850930.xyz/kdsb.txt 获取成功，判断为txt格式
2026-10-01 00:05:12,241 - INFO - url: http://tv.850930.xyz/kdsb.txt 爬取成功✅，包含频道分类: 🐼4K专区, 🐼稳定官方, 💝电影专区, 💝全网通区, 💝香港澳门, 🔥台湾专区, 🌍国际频道, 💝咪咕标清, 🐼中央电视, 🐼移动专区, 🐼电信专区, 🐼联通专区, 🐼电影轮播, 🐼斗鱼电影, 🐼体育专区, 🐼北方广电, 🐼北京ID10, 🐼天津ID11, 🐼河北ID12, 🐼山西ID13, 🐼内蒙ID14, 🐼辽宁ID15, 🐼吉林ID16, 🐼龙江ID17, 🐼上海ID18, 🐼江苏ID19, 🐼浙江ID20, 🐼安徽ID21, 🐼福建ID22, 🐼江西ID23, 🐼山东ID24, 🐼河南ID25, 🐼湖北ID26, 🐼湖南ID27, 🐼广东ID28, 🐼广西ID29, 🐼海南ID30, 🐼重庆ID31, 🐼四川ID32, 🐼贵州ID33, 🐼云南ID34, 🐼西藏ID35, 🐼陕西ID36, 🐼甘肃ID37, 🐼青海ID38, 🐼宁夏ID39, 🐼新疆ID40
2026-10-01 00:05:12,637 - INFO - url: http://tv.850930.xyz/kdsb2.txt 获取成功，判断为txt格式
2026-10-01 00:05:12,644 - INFO - url: http://tv.850930.xyz/kdsb2.txt 爬取成功✅，包含频道分类: 🐼电视公告, 🔥AKTV恢复, 🐼北京移动, 🐼海南移动, 🔥北方广电, 🔥银河电视, 🐼中央电视, 🐼全国卫视, 🐼数字电视, 🐼移动专区, 🐼联通专区, 🐼电信专区, 🐼IPV6专区, 💝香港澳门, 🔥台湾专区, 🌍国际频道, 🐼电影轮播, 🐼体育专区, 🐼北方广电, 🐼北京ID10, 🐼天津ID11, 🐼河北ID12, 🐼山西ID13, 🐼内蒙ID14, 🐼辽宁ID15, 🐼吉林ID16, 🐼龙江ID17, 🐼上海ID18, 🐼江苏ID19, 🐼浙江ID20, 🐼安徽ID21, 🐼福建ID22, 🐼江西ID23, 🐼山东ID24, 🐼河南ID25, 🐼湖北ID26, 🐼湖南ID27, 🐼广东ID28, 🐼广西ID29, 🐼海南ID30, 🐼重庆ID31, 🐼四川ID32, 🐼贵州ID33, 🐼云南ID34, 🐼西藏ID35, 🐼陕西ID36, 🐼甘肃ID37, 🐼青海ID38, 🐼宁夏ID39, 🐼新疆ID40
2026-10-01 00:05:17,086 - ERROR - url: http://tv.850930.xyz/gather.m3u 爬取失败❌, Error: ('Connection aborted.', ConnectionResetError(104, 'Connection reset by peer'))
2026-10-01 00:05:17,229 - ERROR - url: https://live.wqwqwq.sbs/tv.m3u 爬取失败❌, Error: 530 Server Error: <none> for url: https://live.wqwqwq.sbs/tv.m3u
2026-10-01 00:05:17,356 - ERROR - url: https://lu.wqwqwq.sbs/tv.m3u 爬取失败❌, Error: 530 Server Error: <none> for url: https://lu.wqwqwq.sbs/tv.m3u
2026-10-01 00:05:17,533 - ERROR - url: https://4g.wqwqwq.sbs/iptv.m3u 爬取失败❌, Error: 530 Server Error: <none> for url: https://4g.wqwqwq.sbs/iptv.m3u
2026-10-01 00:05:37,348 - ERROR - url: https://tv.wqwqwq.sbs/iptv.m3u 爬取失败❌, Error: 522 Server Error: <none> for url: https://tv.wqwqwq.sbs/iptv.m3u
2026-10-01 00:05:38,336 - INFO - url: https://www.mytvsuper.xyz/m3u/Live.m3u 获取成功，判断为txt格式
2026-10-01 00:05:38,438 - ERROR - url: https://live.hacks.tools/tv/ipv4/categories/央视频道.m3u 爬取失败❌, Error: 403 Client Error: Forbidden for url: https://live.hacks.tools/tv/ipv4/categories/%E5%A4%AE%E8%A7%86%E9%A2%91%E9%81%93.m3u
2026-10-01 00:05:40,678 - ERROR - url: https://live.hacks.tools/tv/ipv4/categories/地方频道.m3u 爬取失败❌, Error: 403 Client Error: Forbidden for url: https://live.hacks.tools/tv/ipv4/categories/%E5%9C%B0%E6%96%B9%E9%A2%91%E9%81%93.m3u
2026-10-01 00:05:40,839 - ERROR - url: https://live.hacks.tools/tv/ipv4/categories/卫视频道.m3u 爬取失败❌, Error: 403 Client Error: Forbidden for url: https://live.hacks.tools/tv/ipv4/categories/%E5%8D%AB%E8%A7%86%E9%A2%91%E9%81%93.m3u
2026-10-01 00:05:41,004 - ERROR - url: https://live.hacks.tools/iptv/languages/zho.m3u 爬取失败❌, Error: 403 Client Error: Forbidden for url: https://live.hacks.tools/iptv/languages/zho.m3u
2026-10-01 00:05:41,298 - ERROR - url: https://tv.ccsource.us.kg/live.txt 爬取失败❌, Error: HTTPSConnectionPool(host='tv.ccsource.us.kg', port=443): Max retries exceeded with url: /live.txt (Caused by NameResolutionError("HTTPSConnection(host='tv.ccsource.us.kg', port=443): Failed to resolve 'tv.ccsource.us.kg' ([Errno -2] Name or service not known)"))
2026-10-01 00:05:41,350 - INFO - url: https://raw.githubusercontent.com/zwc456baby/iptv_alive/master/live.txt 获取成功，判断为txt格式
2026-10-01 00:05:41,351 - INFO - url: https://raw.githubusercontent.com/zwc456baby/iptv_alive/master/live.txt 爬取成功✅，包含频道分类: 综合, 小地方, IPV6, CCTV, 卫视, 精品
2026-10-01 00:05:41,445 - ERROR - url: https://raw.githubusercontent.com/redrainl/iptv/main/speedtest/zubo_fofa.txt 爬取失败❌, Error: 404 Client Error: Not Found for url: https://raw.githubusercontent.com/redrainl/iptv/main/speedtest/zubo_fofa.txt
2026-10-01 00:05:41,488 - ERROR - url: https://raw.githubusercontent.com/Guovin/TV/gd/result.txt 爬取失败❌, Error: 404 Client Error: Not Found for url: https://raw.githubusercontent.com/Guovin/TV/gd/result.txt
2026-10-01 00:05:41,534 - INFO - url: https://raw.githubusercontent.com/pxiptv/live/main/iptv.txt 获取成功，判断为txt格式
2026-10-01 00:05:41,534 - INFO - url: https://raw.githubusercontent.com/pxiptv/live/main/iptv.txt 爬取成功✅，包含频道分类: 🇨🇳央视频道🇨🇳, 🛰️卫视频道🛰️, 🇭🇰港澳台🇭🇰, 🏆咪咕体育🏆, 🥝精品频道🥝, 🤩3D频道🤩
2026-10-01 00:05:41,666 - ERROR - url: https://raw.githubusercontent.com/n3rddd/MemoryCollection-IPTV/refs/heads/main/itvlist.m3u 爬取失败❌, Error: 404 Client Error: Not Found for url: https://raw.githubusercontent.com/n3rddd/MemoryCollection-IPTV/refs/heads/main/itvlist.m3u
2026-10-01 00:05:41,861 - ERROR - url: https://4gtv.pendy.us.kg/myiptv.m3u 爬取失败❌, Error: HTTPSConnectionPool(host='4gtv.pendy.us.kg', port=443): Max retries exceeded with url: /myiptv.m3u (Caused by NameResolutionError("HTTPSConnection(host='4gtv.pendy.us.kg', port=443): Failed to resolve '4gtv.pendy.us.kg' ([Errno -2] Name or service not known)"))
2026-10-01 00:05:42,205 - INFO - url: https://aktv.top/live.m3u 获取成功，判断为txt格式
2026-10-01 00:05:45,180 - ERROR - url: https://gitcode.net/ygbh66/test/-/raw/master/oh.txt 爬取失败❌, Error: 418 Client Error:  for url: https://gitcode.net/ygbh66/test/-/raw/master/oh.txt
2026-10-01 00:05:45,229 - INFO - url: https://raw.githubusercontent.com/wwb521/live/main/tv.m3u 获取成功，判断为m3u格式
2026-10-01 00:05:45,230 - INFO - url: https://raw.githubusercontent.com/wwb521/live/main/tv.m3u 爬取成功✅，包含频道分类: 央视频道, 卫视频道
2026-10-01 00:05:45,372 - INFO - url: https://raw.githubusercontent.com/kakaxi-1/IPTV/main/iptv.txt 获取成功，判断为txt格式
2026-10-01 00:05:45,375 - INFO - url: https://raw.githubusercontent.com/kakaxi-1/IPTV/main/iptv.txt 爬取成功✅，包含频道分类: 更新时间, 央视频道, 卫视频道, 数字频道
2026-10-01 00:05:45,439 - INFO - url: https://raw.githubusercontent.com/SingerLan/live/refs/heads/main/jiexi.txt 获取成功，判断为txt格式
2026-10-01 00:05:45,442 - INFO - url: https://raw.githubusercontent.com/SingerLan/live/refs/heads/main/jiexi.txt 爬取成功✅，包含频道分类: 数字付费, 央视, 港台, 卫视, 电影电视, 广东, 北京, 浙江, 内蒙, 湖南, 江西, 上海
2026-10-01 00:05:45,602 - ERROR - url: https://json.doube.eu.org/live/migu/Sub.php 爬取失败❌, Error: HTTPSConnectionPool(host='json.doube.eu.org', port=443): Max retries exceeded with url: /live/migu/Sub.php (Caused by NameResolutionError("HTTPSConnection(host='json.doube.eu.org', port=443): Failed to resolve 'json.doube.eu.org' ([Errno -2] Name or service not known)"))
2026-10-01 00:05:45,931 - ERROR - url: https://www.stream-link.org/stream-link.m3u 爬取失败❌, Error: 404 Client Error: Not Found for url: https://www.stream-link.org/stream-link.m3u
2026-10-01 00:05:45,977 - INFO - url: https://raw.githubusercontent.com/ssili126/tv/main/itvlist.txt 获取成功，判断为txt格式
2026-10-01 00:05:45,977 - INFO - url: https://raw.githubusercontent.com/ssili126/tv/main/itvlist.txt 爬取成功✅，包含频道分类: 央视频道, 卫视频道, 其他频道
2026-10-01 00:05:46,023 - INFO - url: https://raw.githubusercontent.com/joevess/IPTV/main/iptv.m3u8 获取成功，判断为txt格式
2026-10-01 00:05:46,076 - INFO - url: https://raw.githubusercontent.com/kimwang1978/collect-tv-txt/main/merged_output.txt 获取成功，判断为txt格式
2026-10-01 00:05:46,076 - INFO - url: https://raw.githubusercontent.com/kimwang1978/collect-tv-txt/main/merged_output.txt 爬取成功✅，包含频道分类: 更新时间
2026-10-01 00:05:46,102 - ERROR - url: http://kxrj.site:55/lib/kx2024.txt 爬取失败❌, Error: HTTPConnectionPool(host='kxrj.site', port=55): Max retries exceeded with url: /lib/kx2024.txt (Caused by NameResolutionError("HTTPConnection(host='kxrj.site', port=55): Failed to resolve 'kxrj.site' ([Errno -2] Name or service not known)"))
2026-10-01 00:05:46,155 - ERROR - url: https://raw.githubusercontent.com/Love4vn/love4vn/main/Sport.m3u 爬取失败❌, Error: 404 Client Error: Not Found for url: https://raw.githubusercontent.com/Love4vn/love4vn/main/Sport.m3u
2026-10-01 00:05:46,555 - ERROR - url: https://gitlab.com/tvkj/qxitv/-/raw/main/888.txt 爬取失败❌, Error: 404 Client Error: Not Found for url: https://gitlab.com/tvkj/qxitv/-/raw/main/888.txt
